[yogaandjuliet.com/index.html]
[backblue.gif]
[fade.gif]
[index.html]
[yogaandjuliet.com/wp-content/themes/notio-wp/assets/fonts/fontawesome-webfont3e6e.eot]
[yogaandjuliet.com/wp-content/uploads/2016/08/Logo_schwarz.png]
[yogaandjuliet.com/wp-content/plugins/instagram-feed/css/sbi-styles.minab7d.css]
[yogaandjuliet.com/wp-includes/css/dist/block-library/style.min3e38.css]
[yogaandjuliet.com/wp-content/cache/min/1/wp-content/uploads/useanyfont/uaf-7cbbe2aecd1828482b0109546da866da.css]
[yogaandjuliet.com/wp-content/cache/min/1/wp-content/plugins/mailchimp-for-wp/assets/css/form-themes-8c4a45535722e50fdf9215e8a78775b7.css]
[yogaandjuliet.com/wp-content/cache/min/1/wp-content/themes/notio-wp/assets/css/app-5f6b974fd39432f1f03e299eb47616f4.css]
[yogaandjuliet.com/wp-content/themes/notio-wp/style3e38.css]
[yogaandjuliet.com/wp-content/cache/min/1/fonts/stylesheet-faafdc8940fa9e64ac8bfecb694ecc87.css]
[yogaandjuliet.com/wp-content/plugins/cookie-notice/css/front.min3e38.css]
[yogaandjuliet.com/wp-content/plugins/js_composer/assets/css/js_composer.mine6df.css]
[yogaandjuliet.com/wp-includes/js/jquery/jquery.min9d52.js]
[use.typekit.net/gmx2vsn3e38.js]
[yogaandjuliet.com/wp-includes/js/jquery/jquery-migrate.mind617.js]
[yogaandjuliet.com/wp-json/wp/v2/pages/16060.json]
[yogaandjuliet.com/xmlrpc0db0.php]
[yogaandjuliet.com/wp-includes/wlwmanifest.xml]
[yogaandjuliet.com/wp-content/uploads/2016/08/cropped-ms-icon-310x310-32x32.png]
[yogaandjuliet.com/wp-content/uploads/2016/08/cropped-ms-icon-310x310-192x192.png]
[yogaandjuliet.com/wp-content/uploads/2016/08/cropped-ms-icon-310x310-180x180.png]
[yogaandjuliet.com/wp-content/uploads/2016/11/yogaandjuliet_logo.png]
[yogaandjuliet.com/wp-content/themes/notio-wp/assets/img/logo.png]
[yogaandjuliet.com/wp-content/uploads/2021/02/yogaandjuliet-about-me-photo-yoga-beach-wave-yogi-in-corn-field-2.jpg]
[yogaandjuliet.com/wp-content/uploads/2021/02/yoga-and-juliet-yoga-lehrer-mentor-ship-beratung-coaching.jpg]
[yogaandjuliet.com/yoga/yogalehrer-mentorship/index.html]
[yogaandjuliet.com/about-yoga-and-juliet/index.html]
[yogaandjuliet.com/wp-content/uploads/2021/02/yoga-and-juliet-yoga-retreats-yoga-lehrer-1.jpg]
[yogaandjuliet.com/yoga/advent-yoga-retreat-dezember-2022-most-wonderful-time-of-the-year/index.html]
[yogaandjuliet.com/yoga/neujahr-yoga-retreat-jaenner-2023/index.html]
[yogaandjuliet.com/yoga/vino-vinyasa-suedsteiermark-yoga-retreat-september-2022-2/index.html]
[yogaandjuliet.com/yoga/vino-vinyasa-suedsteiermark-yoga-retreat-mai-2023/index.html]
[yogaandjuliet.com/yoga/retreat-mai-2023/index.html]
[yogaandjuliet.com/wp-content/uploads/2021/02/the-wyld-thing-yoga-studio-wien-1090.jpg]
[yogaandjuliet.com/yoga/feel-alive-yoga-retreat-september-2023/index.html]
[yogaandjuliet.com/yoga/bali-yoga-retreat-november-2023/index.html]
[yogaandjuliet.com/yoga-retreats/index.html]
[yogaandjuliet.com/yoga/the-wyld-thing/index.html]
[yogaandjuliet.com/yoga/sup-yoga-wien/index.html]
[yogaandjuliet.com/wp-content/uploads/2021/02/the_200h_yoga_teacher_training_wien_header_the_wyld_thing_Studio.jpg]
[yogaandjuliet.com/yoga/yoga-teacher-training-wien/index.html]
[yogaandjuliet.com/wp-content/uploads/2022/07/DSCF8033-600x400.jpg]
[yogaandjuliet.com/blog/barfussgefuehl-mit-den-minimalschuhen-von-wildling/index.html]
[yogaandjuliet.com/blog/category/random/index.html]
[yogaandjuliet.com/blog/auszeit-im-falkensteiner-schlosshotel-velden/index.html]
[yogaandjuliet.com/wp-content/uploads/2021/10/klein_YogaJuliet-53-600x400.jpg]
[yogaandjuliet.com/blog/category/travel/index.html]
[yogaandjuliet.com/wp-content/uploads/2017/12/yogaandjuliet_chinese_wall_5.jpg]
[yogaandjuliet.com/blog/category/yoga/index.html]
[yogaandjuliet.com/wp-content/plugins/instagram-feed/img/thumb-placeholder.png]
[yogaandjuliet.com/blog/index.html]
[yogaandjuliet.com/yoga/yoga-im-augarten-wien/index.html]
[yogaandjuliet.com/yoga-teacher-training-auswahl/index.html]
[yogaandjuliet.com/symbole-yoga-bedeutung-2/index.html]
[yogaandjuliet.com/wp-content/plugins/instagram-feed/img/placeholder.png]
[yogaandjuliet.com/was-bringt-yoga/index.html]
[yogaandjuliet.com/tipps-yogalehrer/index.html]
[yogaandjuliet.com/welche-yogarichtung-test/index.html]
[yogaandjuliet.com/rutschfeste-yogamatte/index.html]
[yogaandjuliet.com/kontakt/index.html]
[yogaandjuliet.com/impressum/index.html]
[yogaandjuliet.com/datenschutzerklaerung-2018/index.html]
[yogaandjuliet.com/wp-content/themes/notio-wp/assets/js/vendor.min3e38.js]
[yogaandjuliet.com/wp-includes/js/underscore.min4511.js]
[yogaandjuliet.com/wp-content/themes/notio-wp/assets/js/app.min3e38.js]
[yogaandjuliet.com/wp-content/plugins/cookie-notice/js/front.min4c71.js]
[yogaandjuliet.com/wp-content/plugins/js_composer/assets/js/dist/js_composer_front.mine6df.js]
[yogaandjuliet.com/wp-content/plugins/instagram-feed/js/sbi-scripts.minab7d.js]
[yogaandjuliet.com/index.html]
[yogaandjuliet.com/xmlrpc.php]
[yogaandjuliet.com/feed/index.html]
[yogaandjuliet.com/comments/feed/index.html]
[yogaandjuliet.com/wp-content/plugins/wp-rocket/assets/js/lazyload/16.1/lazyload.min.js]
[yogaandjuliet.com/wp-content/plugins/instagram-feed/img/small-logo.png]
[yogaandjuliet.com/wp-content/plugins/instagram-feed/css/sbi-styles.minab7d.css]
[yogaandjuliet.com/wp-includes/css/dist/block-library/style.min3e38.css]
[yogaandjuliet.com/wp-content/uploads/useanyfont/1691ogg-medium.woff2]
[yogaandjuliet.com/wp-content/uploads/useanyfont/1691ogg-medium.woff]
[yogaandjuliet.com/wp-content/uploads/useanyfont/2833ogg-light.woff2]
[yogaandjuliet.com/wp-content/uploads/useanyfont/2833ogg-light.woff]
[yogaandjuliet.com/wp-content/uploads/useanyfont/1396ogg-lightitalic.woff2]
[yogaandjuliet.com/wp-content/uploads/useanyfont/1396ogg-lightitalic.woff]
[yogaandjuliet.com/wp-content/cache/min/1/wp-content/uploads/useanyfont/uaf-7cbbe2aecd1828482b0109546da866da.css]
[yogaandjuliet.com/wp-content/cache/min/1/wp-content/plugins/mailchimp-for-wp/assets/css/form-themes-8c4a45535722e50fdf9215e8a78775b7.css]
[yogaandjuliet.com/wp-content/themes/notio-wp/assets/img/close_white.png]
[yogaandjuliet.com/wp-content/themes/notio-wp/assets/img/close_white@2x.png]
[yogaandjuliet.com/wp-content/themes/notio-wp/assets/img/preloader.gif]
[yogaandjuliet.com/wp-content/themes/notio-wp/assets/fonts/fontawesome-webfont3e6e.woff2]
[yogaandjuliet.com/wp-content/themes/notio-wp/assets/fonts/fontawesome-webfontd41d.eot]
[yogaandjuliet.com/wp-content/themes/notio-wp/assets/fonts/fontawesome-webfont3e6e.woff]
[yogaandjuliet.com/wp-content/themes/notio-wp/assets/fonts/fontawesome-webfont3e6e.ttf]
[yogaandjuliet.com/wp-content/cache/min/1/wp-content/themes/notio-wp/assets/css/app-5f6b974fd39432f1f03e299eb47616f4.css]
[yogaandjuliet.com/wp-content/themes/notio-wp/style3e38.css]
[yogaandjuliet.com/wp-content/themes/notio-wp/assets/fonts/fontawesome-webfont3e6e.svg]
[yogaandjuliet.com/fonts/Ogg-Medium.eot]
[yogaandjuliet.com/fonts/Ogg-Medium.woff2]
[yogaandjuliet.com/fonts/Ogg-Medium.woff]
[yogaandjuliet.com/fonts/Ogg-LightItalic.eot]
[yogaandjuliet.com/fonts/Ogg-LightItalic.woff2]
[yogaandjuliet.com/fonts/Ogg-LightItalic.woff]
[yogaandjuliet.com/fonts/Ogg-Light.eot]
[yogaandjuliet.com/fonts/Ogg-Light.woff2]
[yogaandjuliet.com/fonts/Ogg-Light.woff]
[yogaandjuliet.com/wp-content/cache/min/1/fonts/stylesheet-faafdc8940fa9e64ac8bfecb694ecc87.css]
[yogaandjuliet.com/wp-content/plugins/cookie-notice/css/front.min3e38.css]
[yogaandjuliet.com/wp-content/plugins/js_composer/assets/vc/alert.png]
[yogaandjuliet.com/wp-content/plugins/js_composer/assets/vc/info.png]
[yogaandjuliet.com/wp-content/plugins/js_composer/assets/vc/tick.png]
[yogaandjuliet.com/wp-content/plugins/js_composer/assets/vc/exclamation.png]
[yogaandjuliet.com/wp-content/plugins/js_composer/assets/images/icons/address-book.png]
[yogaandjuliet.com/wp-content/plugins/js_composer/assets/images/icons/alarm-clock.png]
[yogaandjuliet.com/wp-content/plugins/js_composer/assets/images/icons/anchor.png]
[yogaandjuliet.com/wp-content/plugins/js_composer/assets/images/icons/application-image.png]
[yogaandjuliet.com/wp-content/plugins/js_composer/assets/images/icons/arrow.png]
[yogaandjuliet.com/wp-content/plugins/js_composer/assets/images/icons/asterisk.png]
[yogaandjuliet.com/wp-content/plugins/js_composer/assets/images/icons/auction-hammer.png]
[yogaandjuliet.com/wp-content/plugins/js_composer/assets/images/icons/balloon.png]
[yogaandjuliet.com/wp-content/plugins/js_composer/assets/images/icons/balloon-buzz.png]
[yogaandjuliet.com/wp-content/plugins/js_composer/assets/images/icons/balloon-facebook.png]
[yogaandjuliet.com/wp-content/plugins/js_composer/assets/images/icons/balloon-twitter.png]
[yogaandjuliet.com/wp-content/plugins/js_composer/assets/images/icons/battery-full.png]
[yogaandjuliet.com/wp-content/plugins/js_composer/assets/images/icons/binocular.png]
[yogaandjuliet.com/wp-content/plugins/js_composer/assets/images/icons/blue-document-excel.png]
[yogaandjuliet.com/wp-content/plugins/js_composer/assets/images/icons/blue-document-image.png]
[yogaandjuliet.com/wp-content/plugins/js_composer/assets/images/icons/blue-document-music.png]
[yogaandjuliet.com/wp-content/plugins/js_composer/assets/images/icons/blue-document-office.png]
[yogaandjuliet.com/wp-content/plugins/js_composer/assets/images/icons/blue-document-pdf.png]
[yogaandjuliet.com/wp-content/plugins/js_composer/assets/images/icons/blue-document-powerpoint.png]
[yogaandjuliet.com/wp-content/plugins/js_composer/assets/images/icons/blue-document-word.png]
[yogaandjuliet.com/wp-content/plugins/js_composer/assets/images/icons/bookmark.png]
[yogaandjuliet.com/wp-content/plugins/js_composer/assets/images/icons/camcorder.png]
[yogaandjuliet.com/wp-content/plugins/js_composer/assets/images/icons/camera.png]
[yogaandjuliet.com/wp-content/plugins/js_composer/assets/images/icons/chart.png]
[yogaandjuliet.com/wp-content/plugins/js_composer/assets/images/icons/chart-pie.png]
[yogaandjuliet.com/wp-content/plugins/js_composer/assets/images/icons/clock.png]
[yogaandjuliet.com/wp-content/plugins/js_composer/assets/images/icons/control.png]
[yogaandjuliet.com/wp-content/plugins/js_composer/assets/images/icons/fire.png]
[yogaandjuliet.com/wp-content/plugins/js_composer/assets/images/icons/heart.png]
[yogaandjuliet.com/wp-content/plugins/js_composer/assets/images/icons/mail.png]
[yogaandjuliet.com/wp-content/plugins/js_composer/assets/images/icons/plus-shield.png]
[yogaandjuliet.com/wp-content/plugins/js_composer/assets/images/icons/video.png]
[yogaandjuliet.com/wp-content/plugins/js_composer/assets/fonts/vc_icons_v2/fonts/vcpb-plugin-iconsb82a.eot]
[yogaandjuliet.com/wp-content/plugins/js_composer/assets/fonts/vc_icons_v2/fonts/vcpb-plugin-iconsb82a.ttf]
[yogaandjuliet.com/wp-content/plugins/js_composer/assets/fonts/vc_icons_v2/fonts/vcpb-plugin-iconsb82a.woff]
[yogaandjuliet.com/wp-content/plugins/js_composer/assets/fonts/vc_icons_v2/fonts/vcpb-plugin-iconsb82a.svg]
[yogaandjuliet.com/wp-content/plugins/js_composer/assets/images/toggle_open.png]
[yogaandjuliet.com/wp-content/plugins/js_composer/assets/images/toggle_close.png]
[yogaandjuliet.com/wp-content/plugins/js_composer/assets/images/flickr.png]
[yogaandjuliet.com/wp-content/plugins/js_composer/assets/fonts/vc_grid/vc_grid_v157a1.eot]
[yogaandjuliet.com/wp-content/plugins/js_composer/assets/fonts/vc_grid/vc_grid_v1d41d.eot]
[yogaandjuliet.com/wp-content/plugins/js_composer/assets/fonts/vc_grid/vc_grid_v157a1.woff]
[yogaandjuliet.com/wp-content/plugins/js_composer/assets/fonts/vc_grid/vc_grid_v157a1.ttf]
[yogaandjuliet.com/wp-content/plugins/js_composer/assets/fonts/vc_grid/vc_grid_v157a1.svg]
[yogaandjuliet.com/wp-content/plugins/js_composer/assets/images/spinner.gif]
[yogaandjuliet.com/wp-content/plugins/js_composer/assets/vc/remove.png]
[yogaandjuliet.com/wp-content/plugins/js_composer/assets/css/js_composer.mine6df.css]
[yogaandjuliet.com/wp-json/index.html]
[yogaandjuliet.com/index0f0b.html]
[www.googletagmanager.com/gtm5445.html]
[yogaandjuliet.com/wp-json/wp/v2/pages/386.json]
[yogaandjuliet.com/wp-content/uploads/2021/02/abou-yoga-juliet-header-julia-pross-bali-strandac80.jpg]
[yogaandjuliet.com/wp-content/uploads/2021/02/yoga_juliet_about_julia_pross_wild_thing_bali_strand_sonnenuntergang.jpg]
[yogaandjuliet.com/wp-content/uploads/2021/02/yoga-juliet-about-sonnenblumen-sunflower-julia-pross.jpg]
[yogaandjuliet.com/wp-content/uploads/2017/08/yogaandjuliet_maxima_juli_2017-1024x668.jpg]
[yogaandjuliet.com/wp-content/uploads/2017/08/yogaandjuliet_yogajournal-779x1024.jpg]
[yogaandjuliet.com/wp-content/uploads/2017/08/yogaandjuliet_krone-1024x688.jpg]
[yogaandjuliet.com/wp-content/uploads/2017/08/yogaandjuliet_kronenzeitung-795x1024.jpg]
[yogaandjuliet.com/wp-content/uploads/2017/08/yogaandjuliet_diestadtspionin.png]
[yogaandjuliet.com/wp-content/uploads/2017/08/yogaandjuliet_miss_juli_2017-762x1024.jpg]
[yogaandjuliet.com/wp-content/uploads/2018/08/Fanatic.jpg]
[yogaandjuliet.com/wp-content/uploads/2018/08/Fanatic_1.pdf]
[yogaandjuliet.com/wp-content/uploads/2018/08/Kurier_1.pdf]
[yogaandjuliet.com/wp-content/uploads/2018/08/Maxima.jpg]
[yogaandjuliet.com/wp-content/uploads/2018/08/Bildschirmfoto-2018-08-20-um-13.54.45.png]
[yogaandjuliet.com/wp-content/uploads/2018/08/Tauchen_1.pdf]
[yogaandjuliet.com/about-yoga-and-juliet/index.html]
[yogaandjuliet.com/wp-json/wp/v2/portfolio/16187.json]
[yogaandjuliet.com/wp-content/uploads/2021/02/yoga-and-juliet-yoga-lehrer-mentor-ship-beratung-coaching074c.jpg]
[yogaandjuliet.com/wp-content/uploads/2021/02/yoga-and-juliet-julia-hofgartner-pross-yogalehrer-mentorship-coaching-lachen-collage.jpg]
[yogaandjuliet.com/wp-content/uploads/2021/02/yoga-and-juliet-julia-hofgartner-pross-yogalehrer-mentorship-coaching-lachen.jpg]
[yogaandjuliet.com/wp-content/uploads/2021/02/yoga-and-juliet-julia-hofgartner-pross-yogalehrer-mentorship-coaching-pool-yogamatte.jpg]
[yogaandjuliet.com/wp-content/uploads/2021/02/yoga-and-juliet-julia-hofgartner-pross-yogalehrer-mentorship-coaching-laptop-arbeit-1.jpg]
[yogaandjuliet.com/wp-content/uploads/2021/02/yoga-and-juliet-julia-hofgartner-pross-yogalehrer-mentorship-coaching-laptop-arbeit-2.jpg]
[yogaandjuliet.com/yoga/yogalehrer-mentorship/index.html]
[yogaandjuliet.com/wp-content/uploads/2019/07/südsteiermark_yoga_retreat_mai_2020-3-1.jpg]
[yogaandjuliet.com/wp-json/wp/v2/portfolio/16553.json]
[yogaandjuliet.com/wp-content/uploads/2019/07/südsteiermark_yoga_retreat_mai_2020_13c68.jpg]
[yogaandjuliet.com/wp-content/uploads/2019/07/südsteiermark_yoga_retreat_mai_2020-6.jpg]
[yogaandjuliet.com/wp-content/uploads/2019/07/südsteiermark_yoga_retreat_mai_2020-7.jpg]
[yogaandjuliet.com/wp-content/uploads/2019/07/südsteiermark_yoga_retreat_mai_2020-8.jpg]
[yogaandjuliet.com/wp-content/uploads/2019/07/südsteiermark_yoga_retreat_mai_2020-9.jpg]
[yogaandjuliet.com/wp-content/uploads/2019/07/südsteiermark_yoga_retreat_mai_2020-10.jpg]
[yogaandjuliet.com/wp-content/uploads/2019/07/südsteiermark_yoga_retreat_mai_2020-11.jpg]
[yogaandjuliet.com/wp-content/uploads/2019/07/südsteiermark_yoga_retreat_mai_2020-12.jpg]
[yogaandjuliet.com/wp-content/uploads/2019/07/südsteiermark_yoga_retreat_mai_2020-13.jpg]
[yogaandjuliet.com/wp-content/uploads/2019/07/südsteiermark_yoga_retreat_mai_2020-14.jpg]
[yogaandjuliet.com/wp-content/uploads/2019/07/südsteiermark_yoga_retreat_mai_2020-15.jpg]
[yogaandjuliet.com/wp-content/uploads/2019/07/südsteiermark_yoga_retreat_mai_2020-4.jpg]
[yogaandjuliet.com/wp-content/uploads/2019/07/südsteiermark_yoga_retreat_mai_2020-5.jpg]
[yogaandjuliet.com/wp-content/uploads/2019/07/südsteiermark_yoga_retreat_mai_2020_1-2.jpg]
[yogaandjuliet.com/wp-content/uploads/2019/07/südsteiermark_yoga_retreat_mai_2020-3.jpg]
[yogaandjuliet.com/yoga/vino-vinyasa-suedsteiermark-yoga-retreat-september-2022-2/index.html]
[yogaandjuliet.com/wp-content/uploads/2019/12/bad-gastein-designhotel-miramonte-cathrine-stukhard-6.jpg]
[yogaandjuliet.com/wp-content/uploads/2019/12/yoga_juliet_advent_retreat_dezember_2020980a.jpg]
[yogaandjuliet.com/wp-json/wp/v2/portfolio/16032.json]
[yogaandjuliet.com/wp-content/uploads/2019/12/yoga_juliet_advent_retreat_dezember_2020-14.jpg]
[yogaandjuliet.com/wp-content/uploads/2019/12/yoga_juliet_advent_retreat_dezember_2020-13.jpg]
[yogaandjuliet.com/wp-content/uploads/2019/12/yoga_juliet_advent_retreat_dezember_2020-3.jpg]
[yogaandjuliet.com/wp-content/uploads/2019/12/yoga_juliet_advent_retreat_dezember_2020-10.jpg]
[yogaandjuliet.com/wp-content/uploads/2019/12/yoga_juliet_advent_retreat_dezember_2020-9.jpg]
[yogaandjuliet.com/wp-content/uploads/2019/12/2_Yoga_juliet_retreat_dezember_advent_2020_5.jpg]
[yogaandjuliet.com/wp-content/uploads/2019/12/yoga_juliet_advent_retreat_dezember_2020-4.jpg]
[yogaandjuliet.com/wp-content/uploads/2019/12/1_yoga_juliet_dezember_retreat_advent_2020_2.jpg]
[yogaandjuliet.com/wp-content/uploads/2019/12/yoga_juliet_advent_retreat_dezember_2020-11.jpg]
[yogaandjuliet.com/wp-content/uploads/2019/12/yoga_juliet_advent_retreat_dezember_2020-12.jpg]
[yogaandjuliet.com/wp-content/uploads/2019/12/yoga_juliet_advent_retreat_dezember_2020-5.jpg]
[yogaandjuliet.com/wp-content/uploads/2019/12/3_Yoga_juliet_retreat_dezember_advent_2020_15.jpg]
[yogaandjuliet.com/wp-content/uploads/2019/12/yoga_juliet_advent_retreat_dezember_2020-7.jpg]
[yogaandjuliet.com/wp-content/uploads/2019/12/yoga_juliet_advent_retreat_dezember_2020-8.jpg]
[yogaandjuliet.com/wp-content/uploads/2019/12/yoga_juliet_advent_retreat_dezember_2020-2.jpg]
[yogaandjuliet.com/wp-content/uploads/2019/12/yoga_juliet_advent_retreat_dezember_2020-6.jpg]
[yogaandjuliet.com/wp-content/plugins/js_composer/assets/css/js_composer_tta.mine6df.css]
[yogaandjuliet.com/wp-content/plugins/js_composer/assets/lib/vc_accordion/vc-accordion.mine6df.js]
[yogaandjuliet.com/yoga/advent-yoga-retreat-dezember-2022-most-wonderful-time-of-the-year/index.html]
[yogaandjuliet.com/wp-content/plugins/js_composer/assets/lib/vc-tta-autoplay/vc-tta-autoplay.mine6df.js]
[yogaandjuliet.com/wp-json/wp/v2/portfolio/14876.json]
[yogaandjuliet.com/wp-content/uploads/2020/05/neujahr_yoga_retreat_jänner_2021_1985d.jpg]
[yogaandjuliet.com/wp-content/uploads/2020/05/neujahr_yoga_retreat_jänner_2021_5.jpg]
[yogaandjuliet.com/wp-content/uploads/2020/05/neujahr_yoga_retreat_jänner_2021_3.jpg]
[yogaandjuliet.com/wp-content/uploads/2020/05/neujahr_yoga_retreat_jänner_2021_4.jpg]
[yogaandjuliet.com/yoga/neujahr-yoga-retreat-jaenner-2023/index.html]
[yogaandjuliet.com/yoga/vino-vinyasa-suedsteiermark-yoga-retreat-mai-2023/index.html]
[yogaandjuliet.com/wp-content/uploads/2021/01/yoga-retreats-bad-gastein-miramonte.jpg]
[yogaandjuliet.com/wp-json/wp/v2/portfolio/16732.json]
[yogaandjuliet.com/wp-json/wp/v2/portfolio/16729.json]
[yogaandjuliet.com/wp-content/uploads/2021/01/web_yogaandjuliet_mai_2021_retreat_yoga_miramonte-4ab1f.jpg]
[yogaandjuliet.com/wp-content/uploads/2021/01/gastein_yogaandjuliet_mai_2021_retreat_yoga_miramonte-scaled.jpg]
[yogaandjuliet.com/wp-content/uploads/2021/01/gastein_yogaandjuliet_mai_2021_retreat_yoga_miramonte-2-scaled.jpg]
[yogaandjuliet.com/wp-content/uploads/2021/01/web_yogaandjuliet_mai_2021_retreat_yoga_miramonte-2-1.jpg]
[yogaandjuliet.com/wp-content/uploads/2021/01/web_yogaandjuliet_mai_2021_retreat_yoga_miramonte-3-1.jpg]
[yogaandjuliet.com/wp-content/uploads/2021/01/web_yogaandjuliet_mai_2021_retreat_yoga_miramonte-10.jpg]
[yogaandjuliet.com/wp-content/uploads/2021/01/web_yogaandjuliet_mai_2021_retreat_yoga_miramonte-5.jpg]
[yogaandjuliet.com/wp-content/uploads/2021/01/web_yogaandjuliet_mai_2021_retreat_yoga_miramonte-8.jpg]
[yogaandjuliet.com/wp-content/uploads/2021/01/web_yogaandjuliet_mai_2021_retreat_yoga_miramonte-7.jpg]
[yogaandjuliet.com/yoga/retreat-mai-2023/index.html]
[yogaandjuliet.com/wp-content/uploads/2020/08/yoga-juliet-retreat-feel-alive-teichalm-header.jpg]
[yogaandjuliet.com/wp-json/wp/v2/portfolio/16760.json]
[yogaandjuliet.com/wp-content/uploads/2020/08/header_alm_yoga_retreat_juni_2021-1527f2.jpg]
[yogaandjuliet.com/wp-content/uploads/2022/07/yogaandjuliet_yoga_retreat_september_2023_3.jpg]
[yogaandjuliet.com/wp-content/uploads/2022/07/yogaandjuliet_yoga_retreat_september_2023_1.jpg]
[yogaandjuliet.com/wp-content/uploads/2022/07/yogaandjuliet_yoga_retreat_september_2023_4.jpg]
[yogaandjuliet.com/wp-content/uploads/2022/07/yogaandjuliet_yoga_retreat_september_2023_2.jpg]
[yogaandjuliet.com/wp-content/uploads/2020/08/10_alm_yoga_retreat_juni_2021-13.jpg]
[yogaandjuliet.com/wp-content/uploads/2020/08/12_alm_yoga_retreat_juni_2021-11.jpg]
[yogaandjuliet.com/wp-content/uploads/2020/08/101_alm_yoga_retreat_juni_2021-14.jpg]
[yogaandjuliet.com/wp-content/uploads/2020/08/100_alm_yoga_retreat_juni_2021-21.jpg]
[yogaandjuliet.com/yoga/feel-alive-yoga-retreat-september-2023/index.html]
[yogaandjuliet.com/wp-json/wp/v2/portfolio/16666.json]
[yogaandjuliet.com/wp-content/uploads/2022/03/yogaandjuliet_yoga_retreat_bali_november_2022_4.jpg]
[yogaandjuliet.com/wp-content/uploads/2022/03/yogaandjuliet_yoga_retreat_bali_november_2022_1.jpg]
[yogaandjuliet.com/wp-content/uploads/2022/03/yogaandjuliet_yoga_retreat_bali_november_2022_3.jpg]
[yogaandjuliet.com/wp-content/uploads/2022/03/yogaandjuliet_yoga_retreat_bali_november_2022_2.jpg]
[yogaandjuliet.com/wp-content/uploads/2019/04/1_others_yogaandjuliet_yoga_retreats_bali_februar_2020-2.jpg]
[yogaandjuliet.com/wp-content/uploads/2022/03/yogaandjuliet_yoga_retreat_bali_november_2022_15.jpg]
[yogaandjuliet.com/wp-content/uploads/2021/02/yoga-and-juliet-julia-hofgartner-pross-retreats-bali-gruppe.jpg]
[yogaandjuliet.com/wp-content/uploads/2022/03/yogaandjuliet_yoga_retreat_bali_november_2022_9.jpg]
[yogaandjuliet.com/wp-content/uploads/2022/03/yogaandjuliet_yoga_retreat_bali_november_2022_11.jpg]
[yogaandjuliet.com/wp-content/uploads/2022/03/yogaandjuliet_yoga_retreat_bali_november_2022_5.jpg]
[yogaandjuliet.com/wp-content/uploads/2022/03/yogaandjuliet_yoga_retreat_bali_november_2022_7.jpg]
[yogaandjuliet.com/wp-content/uploads/2018/12/yogaandjuliet_bali_yoga_retreat_november_2019_selflove.jpg]
[yogaandjuliet.com/wp-content/uploads/2022/03/bali_yoga_retreat_november_2022_Location_4.jpg]
[yogaandjuliet.com/wp-content/uploads/2022/03/bali_yoga_retreat_november_2022_Location_6.jpg]
[yogaandjuliet.com/wp-content/uploads/2022/03/bali_yoga_retreat_november_2022_Location_2.jpg]
[yogaandjuliet.com/wp-content/uploads/2022/03/bali_yoga_retreat_november_2022_Location_3.jpg]
[yogaandjuliet.com/wp-content/uploads/2022/03/bali_yoga_retreat_november_2022_Location_5.jpg]
[yogaandjuliet.com/wp-content/uploads/2022/03/bali_yoga_retreat_november_2022_Location_7.jpg]
[yogaandjuliet.com/wp-content/uploads/2022/03/bali_yoga_retreat_november_2022_Location_15.jpg]
[yogaandjuliet.com/wp-content/uploads/2022/03/bali_yoga_retreat_november_2022_Location_9.jpg]
[yogaandjuliet.com/wp-content/uploads/2022/03/bali_yoga_retreat_november_2022_Location_14.jpg]
[yogaandjuliet.com/wp-content/uploads/2022/03/bali_yoga_retreat_november_2022_Location_10.jpg]
[yogaandjuliet.com/wp-content/uploads/2022/03/bali_yoga_retreat_november_2022_Location_13.jpg]
[yogaandjuliet.com/wp-content/uploads/2022/03/bali_yoga_retreat_november_2022_Location.jpg]
[yogaandjuliet.com/wp-content/uploads/2019/04/2_bali_yogaandjuliet_yoga_retreats_bali_februar_2020-8.jpg]
[yogaandjuliet.com/wp-content/uploads/2019/04/bali_yogaandjuliet_yoga_retreats_bali_februar_2020-6.jpg]
[yogaandjuliet.com/wp-content/uploads/2019/04/3_bali_yogaandjuliet_yoga_retreats_bali_februar_2020-3.jpg]
[yogaandjuliet.com/wp-content/uploads/2019/04/1_bali_yogaandjuliet_yoga_retreats_bali_februar_2020-7.jpg]
[yogaandjuliet.com/wp-content/uploads/2019/04/5_nature_yogaandjuliet_yoga_retreats_bali_februar_2020-15.jpg]
[yogaandjuliet.com/wp-content/uploads/2019/04/6_nature_yogaandjuliet_yoga_retreats_bali_februar_2020-13.jpg]
[yogaandjuliet.com/wp-content/uploads/2019/04/7_nature_yogaandjuliet_yoga_retreats_bali_februar_2020-11.jpg]
[yogaandjuliet.com/wp-content/uploads/2019/04/nature_yogaandjuliet_yoga_retreats_bali_februar_2020-19.jpg]
[yogaandjuliet.com/yoga/bali-yoga-retreat-november-2023/index.html]
[yogaandjuliet.com/wp-json/wp/v2/pages/16385.json]
[yogaandjuliet.com/wp-content/uploads/2021/02/yoga-and-juliet-julia-hofgartner-pross-retreats-bali-sundown2d4a.jpg]
[yogaandjuliet.com/wp-content/uploads/2021/02/yoga-and-juliet-julia-hofgartner-pross-retreats-bali-studium.jpg]
[yogaandjuliet.com/wp-content/uploads/2021/02/yoga-and-juliet-julia-hofgartner-pross-retreats-bali.jpg]
[yogaandjuliet.com/wp-content/uploads/2021/02/yoga-and-juliet-julia-hofgartner-pross-retreats-bali-freunde.jpg]
[yogaandjuliet.com/wp-content/uploads/2019/07/südsteiermark_yoga_retreat_mai_2020-3-1-600x300.jpg]
[yogaandjuliet.com/wp-content/uploads/2020/05/neujahr_yoga_retreat_jänner_2021_3-600x407.jpg]
[yogaandjuliet.com/wp-content/uploads/2020/08/yoga-juliet-retreat-feel-alive-teichalm-header-600x300.jpg]
[yogaandjuliet.com/wp-content/uploads/2021/01/yoga-retreats-bad-gastein-miramonte-600x300.jpg]
[yogaandjuliet.com/wp-content/uploads/2020/07/header_1_yoga_juliet_yoga_retreat_april_ibiza_2021-32-600x301.jpg]
[yogaandjuliet.com/yoga-retreats/index.html]
[yogaandjuliet.com/wp-content/plugins/js_composer/assets/lib/bower/skrollr/dist/skrollr.mine6df.js]
[yogaandjuliet.com/wp-json/wp/v2/portfolio/16384.json]
[yogaandjuliet.com/wp-content/uploads/2021/02/sup-yoga-wien-gruppe-neue-donau-fanatic.jpg]
[yogaandjuliet.com/wp-content/uploads/2021/02/sup-yoga-wien-meditation.jpg]
[yogaandjuliet.com/wp-content/uploads/2021/02/sup-yoga-wien-team-neue-donau-paddling-stand-up.jpg]
[yogaandjuliet.com/wp-content/uploads/2021/02/sup-yoga-wien-meditation-girl-bayern-fanatic.jpg]
[yogaandjuliet.com/wp-content/uploads/2021/02/sup-yoga-wien-fanatic-girl-bayern.jpg]
[yogaandjuliet.com/yoga/sup-yoga-wien/index.html]
[yogaandjuliet.com/wp-json/wp/v2/portfolio/16421.json]
[yogaandjuliet.com/wp-content/uploads/2021/02/the-wyld-thing-yoga-studio-wien-gruppe.jpg]
[yogaandjuliet.com/wp-content/uploads/2021/02/yoga-studio-the-wyld-thing-team-wien.jpg]
[yogaandjuliet.com/wp-content/uploads/2021/02/the-wyld-thing-yoga-studio-wien-interior-design.jpg]
[yogaandjuliet.com/wp-content/uploads/2021/02/the-wyld-thing-yoga-wien-studio-sound-bath-meditation.jpg]
[yogaandjuliet.com/yoga/the-wyld-thing/index.html]
[yogaandjuliet.com/wp-json/wp/v2/portfolio/16362.json]
[yogaandjuliet.com/wp-content/uploads/2021/02/the_200h_yoga_teacher_training_wien_header_the_wyld_thing_Studiof01a.jpg]
[yogaandjuliet.com/wp-content/uploads/2021/02/yoga-teacher-training-wien-yogalehrerausbildung.jpg]
[yogaandjuliet.com/wp-content/uploads/2021/02/yoga-teacher-training-wien-acro-yoga.jpg]
[yogaandjuliet.com/wp-content/uploads/2021/02/yoga-teacher-training-wien-julia-pross-marcel-clementi.jpg]
[yogaandjuliet.com/wp-content/uploads/2021/02/yoga-teacher-training-wien-marcel-clementi.jpg]
[yogaandjuliet.com/wp-content/uploads/2021/02/yoga-teacher-training-wien-julia-pross.jpg]
[yogaandjuliet.com/yoga/yoga-teacher-training-wien/index.html]
[yogaandjuliet.com/wp-json/wp/v2/posts/16746.json]
[yogaandjuliet.com/wp-content/uploads/2022/07/DSCF8033-1200x600.jpg]
[yogaandjuliet.com/wp-content/uploads/2022/07/DSCF8042-200x300.jpg]
[yogaandjuliet.com/wp-content/uploads/2022/07/YogaandJuliet-94-200x300.jpg]
[yogaandjuliet.com/wp-content/uploads/2022/07/DSCF8344-200x300.jpg]
[yogaandjuliet.com/wp-content/uploads/2022/07/YogaandJuliet-106-683x1024.jpg]
[yogaandjuliet.com/wp-content/uploads/2022/07/YogaandJuliet-101-683x1024.jpg]
[yogaandjuliet.com/wp-content/uploads/2022/07/YogaandJuliet-89-683x1024.jpg]
[yogaandjuliet.com/wp-content/uploads/2022/07/DSCF8030-683x1024.jpg]
[yogaandjuliet.com/wp-content/uploads/2022/07/DSCF8013-683x1024.jpg]
[yogaandjuliet.com/wp-content/uploads/2022/07/DSCF8360-683x1024.jpg]
[yogaandjuliet.com/wp-content/uploads/2022/07/DSCF8383-683x1024.jpg]
[yogaandjuliet.com/wp-content/uploads/2022/07/DSCF8033-scaled.jpg]
[yogaandjuliet.com/wp-content/uploads/2021/10/klein_YogaJuliet-53-100x100.jpg]
[yogaandjuliet.com/wp-includes/js/comment-reply.min3e38.js]
[yogaandjuliet.com/wp-content/cache/min/1/wp-content/plugins/akismet/_inc/form-5ebca49af187eb11cc9d2fc702a4998b.js]
[yogaandjuliet.com/blog/barfussgefuehl-mit-den-minimalschuhen-von-wildling/index.html]
[yogaandjuliet.com/wp-json/wp/v2/categories/5.json]
[yogaandjuliet.com/wp-content/uploads/2021/10/klein_YogaJuliet-53-1200x600.jpg]
[yogaandjuliet.com/wp-content/uploads/2021/10/klein_YogaJuliet-53-scaled.jpg]
[yogaandjuliet.com/wp-content/uploads/2020/09/yogaandjuliet_steiermark_tourismus_thermen_vulkanland-38-1200x600.jpg]
[yogaandjuliet.com/wp-content/uploads/2020/09/yogaandjuliet_steiermark_tourismus_thermen_vulkanland-38.jpg]
[yogaandjuliet.com/blog/regeneration-wellness-im-thermen-vulkanland-steiermark/index.html]
[yogaandjuliet.com/wp-content/uploads/2020/07/JuliaFabio-423-1200x600.jpg]
[yogaandjuliet.com/wp-content/uploads/2020/07/JuliaFabio-423-scaled.jpg]
[yogaandjuliet.com/blog/meine-hochzeit/index.html]
[yogaandjuliet.com/wp-content/uploads/2019/08/titel_Yoga_Juliet_grünkraft_steiermark_bad_waltersdorf-14-1200x600.jpg]
[yogaandjuliet.com/wp-content/uploads/2019/08/titel_Yoga_Juliet_grünkraft_steiermark_bad_waltersdorf-14.jpg]
[yogaandjuliet.com/blog/category/random/index.html]
[yogaandjuliet.com/blog/category/places/europe/index.html]
[yogaandjuliet.com/blog/category/places/index.html]
[yogaandjuliet.com/blog/gruenkraft-tanken-in-bad-waltersdorf/index.html]
[yogaandjuliet.com/blog/category/out-and-about/index.html]
[yogaandjuliet.com/blog/category/random/page/11/index.html]
[yogaandjuliet.com/wp-json/wp/v2/posts/16594.json]
[yogaandjuliet.com/wp-content/uploads/2021/10/klein_YogaJuliet-60-1024x683.jpg]
[yogaandjuliet.com/wp-content/uploads/2021/10/klein_YogaJuliet-17-300x200.jpg]
[yogaandjuliet.com/wp-content/uploads/2021/10/klein_YogaJuliet-23-300x200.jpg]
[yogaandjuliet.com/wp-content/uploads/2021/10/klein_YogaJuliet-22-683x1024.jpg]
[yogaandjuliet.com/wp-content/uploads/2021/10/klein_YogaJuliet-6-683x1024.jpg]
[yogaandjuliet.com/wp-content/uploads/2021/10/klein_YogaJuliet-43-300x200.jpg]
[yogaandjuliet.com/wp-content/uploads/2021/10/klein_YogaJuliet-40-1024x683.jpg]
[yogaandjuliet.com/wp-content/uploads/2021/10/klein_YogaJuliet-1024x683.jpg]
[yogaandjuliet.com/wp-content/uploads/2021/10/klein_YogaJuliet-64-1024x683.jpg]
[yogaandjuliet.com/wp-content/uploads/2021/10/klein_YogaJuliet-63-1024x683.jpg]
[yogaandjuliet.com/wp-content/uploads/2021/10/klein_YogaJuliet-57-1024x683.jpg]
[yogaandjuliet.com/wp-content/uploads/2021/10/klein_YogaJuliet-26-1024x683.jpg]
[yogaandjuliet.com/wp-content/uploads/2021/10/klein_YogaJuliet-47-1024x683.jpg]
[yogaandjuliet.com/wp-content/uploads/2021/10/klein_YogaJuliet-38-1024x683.jpg]
[yogaandjuliet.com/wp-content/uploads/2021/10/klein_YogaJuliet-41-683x1024.jpg]
[yogaandjuliet.com/wp-content/uploads/2021/10/klein_YogaJuliet-45-683x1024.jpg]
[yogaandjuliet.com/wp-content/uploads/2021/10/klein_YogaJuliet-44-1024x683.jpg]
[yogaandjuliet.com/wp-content/uploads/2021/10/klein_YogaJuliet-35-683x1024.jpg]
[yogaandjuliet.com/wp-content/uploads/2021/10/klein_YogaJuliet-34-683x1024.jpg]
[yogaandjuliet.com/wp-content/uploads/2021/10/klein_YogaJuliet-30-1024x683.jpg]
[yogaandjuliet.com/wp-content/uploads/2021/10/klein_YogaJuliet-24-683x1024.jpg]
[yogaandjuliet.com/wp-content/uploads/2021/10/klein_YogaJuliet-15-1024x683.jpg]
[yogaandjuliet.com/wp-content/uploads/2021/10/klein_YogaJuliet-12-683x1024.jpg]
[yogaandjuliet.com/wp-content/uploads/2021/10/klein_YogaJuliet-4-1024x683.jpg]
[yogaandjuliet.com/wp-content/uploads/2021/10/klein_YogaJuliet-2-1024x683.jpg]
[yogaandjuliet.com/blog/beruf-yogalehrer-q-a-eure-fragen-meine-antworten/index.html]
[yogaandjuliet.com/wp-content/uploads/2021/02/IMG_6953-100x100.jpg]
[yogaandjuliet.com/wp-content/uploads/2022/07/DSCF8033-100x100.jpg]
[yogaandjuliet.com/blog/auszeit-im-falkensteiner-schlosshotel-velden/index.html]
[yogaandjuliet.com/wp-json/wp/v2/categories/12.json]
[yogaandjuliet.com/wp-content/uploads/2019/04/Tipps_gegen_Flugangst-700x600.jpg]
[yogaandjuliet.com/wp-content/uploads/2019/04/Tipps_gegen_Flugangst.jpg]
[yogaandjuliet.com/blog/meine-tipps-gegen-flugangst-meditation-atmung-statt-tabletten/index.html]
[yogaandjuliet.com/blog/category/mind/index.html]
[yogaandjuliet.com/wp-content/uploads/2019/01/yogaandjuliet_raja_ampat_indonesia_liveaboard_diving-11-1200x600.jpg]
[yogaandjuliet.com/wp-content/uploads/2019/01/yogaandjuliet_raja_ampat_indonesia_liveaboard_diving-11.jpg]
[yogaandjuliet.com/blog/category/places/asia/index.html]
[yogaandjuliet.com/blog/raja-ampat-eine-woche-tauchen-im-letzten-paradies/index.html]
[yogaandjuliet.com/wp-content/uploads/2017/09/yogaandjuliet_bali_peking-270-1200x600.jpg]
[yogaandjuliet.com/wp-content/uploads/2017/09/yogaandjuliet_bali_peking-270.jpg]
[yogaandjuliet.com/blog/10-anzeichen-dass-du-auf-ein-yoga-retreat-brauchst/index.html]
[yogaandjuliet.com/wp-content/uploads/2018/05/Yogaandjuliet_wanderlust_festival_neusiedlersee_podersdorf_wien-8-1200x600.jpg]
[yogaandjuliet.com/wp-content/uploads/2018/05/Yogaandjuliet_wanderlust_festival_neusiedlersee_podersdorf_wien-8.jpg]
[yogaandjuliet.com/blog/category/travel/index.html]
[yogaandjuliet.com/blog/my-wanderlust/index.html]
[yogaandjuliet.com/blog/category/travel/page/6/index.html]
[yogaandjuliet.com/wp-json/wp/v2/categories/101.json]
[yogaandjuliet.com/wp-content/uploads/2021/02/IMG_6953-1200x600.jpg]
[yogaandjuliet.com/wp-content/uploads/2021/02/IMG_6953-scaled.jpg]
[yogaandjuliet.com/blog/category/yoga/yogateacher/index.html]
[yogaandjuliet.com/wp-content/uploads/2020/09/IMG_9785-2-1200x600.jpg]
[yogaandjuliet.com/wp-content/uploads/2020/09/IMG_9785-2-scaled.jpg]
[yogaandjuliet.com/blog/wie-yoga-heilt-yoga-can-heal/index.html]
[yogaandjuliet.com/wp-content/uploads/2020/04/eberhard-grossgasteiger-cdc35Juktik-unsplash-1200x600.jpg]
[yogaandjuliet.com/wp-content/uploads/2020/04/eberhard-grossgasteiger-cdc35Juktik-unsplash-scaled.jpg]
[yogaandjuliet.com/blog/yoga-mit-dem-mond/index.html]
[yogaandjuliet.com/wp-content/uploads/2020/02/klein_the_wyld_thing_yoga_studio_wien-2-1200x600.jpg]
[yogaandjuliet.com/wp-content/uploads/2020/02/klein_the_wyld_thing_yoga_studio_wien-2.jpg]
[yogaandjuliet.com/blog/category/yoga/index.html]
[yogaandjuliet.com/blog/ein-eigenes-yogastudio-eroeffnen-1-monat-danach-glaubandich/index.html]
[yogaandjuliet.com/blog/category/yoga/page/33/index.html]
[yogaandjuliet.com/wp-content/uploads/2020/11/IMG_7707-1200x600.jpg]
[yogaandjuliet.com/wp-content/uploads/2020/11/IMG_7707-scaled.jpg]
[yogaandjuliet.com/blog/index.html]
[yogaandjuliet.com/blog/ikigai/index.html]
[yogaandjuliet.com/blog/page/78/index.html]
[yogaandjuliet.com/wp-content/uploads/2021/02/augarten-yoga-wien-outdoor-header.jpg]
[yogaandjuliet.com/wp-json/wp/v2/portfolio/16406.json]
[yogaandjuliet.com/wp-content/uploads/2021/02/augarten-yoga-wien-outdoor-header1b69.jpg]
[yogaandjuliet.com/wp-content/uploads/2021/02/augarten-yoga-wien-gruppe-yogalehrer.jpg]
[yogaandjuliet.com/wp-content/uploads/2021/02/augarten-yoga-wien-handstand-outdoor.jpg]
[yogaandjuliet.com/wp-content/uploads/2021/02/augarten-yoga-wien-gruppe.jpg]
[yogaandjuliet.com/wp-content/uploads/2021/02/augarten-yoga-wien-spagat.jpg]
[yogaandjuliet.com/wp-content/uploads/2021/02/augarten-yoga-wien-wild-thing.jpg]
[yogaandjuliet.com/yoga/yoga-im-augarten-wien/index.html]
[yogaandjuliet.com/was-ist-yoga/index.html]
[yogaandjuliet.com/wp-json/wp/v2/pages/12184.json]
[yogaandjuliet.com/wp-content/uploads/2018/12/yogaandjuliet_julia_hofgartner_ytt_auswahl_yoga_augarten_wien_4fa4c.jpg]
[yogaandjuliet.com/blog/yoga-teacher-training-journey-just-begun/index.html]
[yogaandjuliet.com/wp-content/uploads/2018/12/yogaandjuliet_yoga_ytt_auswahl_augarten_wien.jpg]
[yogaandjuliet.com/wp-content/uploads/2018/12/yogaandjuliet_julia_hofgartner_ytt_auswahl_yoga_augarten_wien_2.jpg]
[yogaandjuliet.com/yoga-teacher-training-auswahl/index.html]
[yogaandjuliet.com/wp-json/wp/v2/pages/12170.json]
[yogaandjuliet.com/wp-content/uploads/2018/12/yogaandjuliet_julia_hofgartner_symbole_bedeutung-_yoga_augarten_wien_33d21.jpg]
[yogaandjuliet.com/wp-content/uploads/2018/12/yogaandjuliet_julia_hofgartner_symbole_bedeutung-_yoga_augarten_wien_2.jpg]
[yogaandjuliet.com/wp-content/uploads/2018/12/yogaandjuliet_julia_hofgartner_symbole_bedeutung-_yoga_augarten_wien_1.jpg]
[yogaandjuliet.com/symbole-yoga-bedeutung-2/index.html]
[yogaandjuliet.com/wp-json/wp/v2/pages/12173.json]
[yogaandjuliet.com/wp-content/uploads/2018/12/3_yogaandjuliet_julia_hofgartner_gruende_Yogac4d4.jpg]
[yogaandjuliet.com/wp-content/uploads/2018/12/yogaandjuliet_julia_hofgartner_gruende_Yoga_5.jpg]
[yogaandjuliet.com/wp-content/uploads/2018/12/yogaandjuliet_julia_hofgartner_gruende_yoga.jpg]
[yogaandjuliet.com/was-bringt-yoga/index.html]
[yogaandjuliet.com/wp-json/wp/v2/pages/12183.json]
[yogaandjuliet.com/wp-content/uploads/2018/12/yogaandjuliet_julia_hofgartner_tipps_yogalehrer-_yoga_volksgarten_wien_16a7c.jpg]
[yogaandjuliet.com/wp-content/uploads/2018/12/yogaandjuliet_julia_hofgartner_tipps_yogalehrer-_yoga_volksgarten_wien_3.jpg]
[yogaandjuliet.com/wp-content/uploads/2018/12/yogaandjuliet_julia_hofgartner_tipps_yogalehrer-_yoga_volksgarten_wien_2.jpg]
[yogaandjuliet.com/tipps-yogalehrer/index.html]
[yogaandjuliet.com/wp-json/wp/v2/pages/12178.json]
[yogaandjuliet.com/wp-content/uploads/2018/12/1_yogaandjuliet_julia_hofgartner_yoga_wien_oper_city-267cc.jpg]
[yogaandjuliet.com/blog/das-solltest-du-bei-der-auswahl-deiner-yogalehrerausbildung-beachten/index.html]
[yogaandjuliet.com/wp-content/uploads/2018/12/3_yogaandjuliet_julia_hofgartner_yoga_wien_oper_city.jpg]
[yogaandjuliet.com/wp-content/uploads/2018/12/2_yogaandjuliet_julia_hofgartner_yoga_wien_oper_city-3.jpg]
[yogaandjuliet.com/welche-yogarichtung-test/index.html]
[yogaandjuliet.com/wp-json/wp/v2/pages/12189.json]
[yogaandjuliet.com/wp-content/uploads/2018/12/yogaandjuliet_yogamatte_rutschfest_tipps0924.jpg]
[yogaandjuliet.com/wp-content/uploads/2018/12/yogaandjuliet_tipps_zum_yogamattenkauf-3.jpg]
[yogaandjuliet.com/wp-content/uploads/2018/12/yogaandjuliet_tipps_zum_yogamattenkauf-2.jpg]
[yogaandjuliet.com/rutschfeste-yogamatte/index.html]
[yogaandjuliet.com/wp-content/cache/min/1/wp-content/plugins/contact-form-7/includes/css/styles-b7441828059ce461ced200578fb1216d.css]
[yogaandjuliet.com/wp-json/wp/v2/pages/8450.json]
[yogaandjuliet.com/wp-content/uploads/2019/03/yoga_juliet_julia_hofgartner_bali_reisfelder4b30.jpg]
[yogaandjuliet.com/wp-includes/js/dist/vendor/wp-polyfill.min89b1.js]
[yogaandjuliet.com/wp-content/cache/min/1/wp-content/plugins/contact-form-7/includes/js/index-65d90d907ff77b2f636442e17fcd677e.js]
[yogaandjuliet.com/kontakt/index.html]
[yogaandjuliet.com/impressum/index.html]
[yogaandjuliet.com/wp-json/wp/v2/pages/8497.json]
[yogaandjuliet.com/datenschutzerklaerung-2018/index.html]
[yogaandjuliet.com/wp-admin/admin-ajax.html]
[yogaandjuliet.com/wp-content/themes/notio-wp/assets/fonts/fontawesome-webfont3e6e.svg]
[yogaandjuliet.com/fonts/Ogg-Medium.html]
[yogaandjuliet.com/fonts/Ogg-Medium-2.html]
[yogaandjuliet.com/fonts/Ogg-Medium-3.html]
[yogaandjuliet.com/fonts/Ogg-LightItalic.html]
[yogaandjuliet.com/fonts/Ogg-LightItalic-2.html]
[yogaandjuliet.com/fonts/Ogg-LightItalic-3.html]
[yogaandjuliet.com/fonts/Ogg-Light.html]
[yogaandjuliet.com/fonts/Ogg-Light-2.html]
[yogaandjuliet.com/fonts/Ogg-Light-3.html]
[yogaandjuliet.com/wp-json/wp/v2/pages/10652.json]
[yogaandjuliet.com/wp-content/plugins/js_composer/assets/fonts/vc_icons_v2/fonts/vcpb-plugin-iconsb82a.svg]
[yogaandjuliet.com/wp-content/plugins/js_composer/assets/vc/blur.svg]
[yogaandjuliet.com/wp-content/plugins/js_composer/assets/fonts/vc_grid/vc_grid_v157a1.svg]
[yogaandjuliet.com/index2b64.html]
[yogaandjuliet.com/index2023.html]
[yogaandjuliet.com/index6b5e.html]
[yogaandjuliet.com/index7c4a.html]
[yogaandjuliet.com/index8c23.html]
[yogaandjuliet.com/index0810.html]
[yogaandjuliet.com/index7ea6.html]
[yogaandjuliet.com/index8184.html]
[yogaandjuliet.com/index244f.html]
[yogaandjuliet.com/wp-content/plugins/js_composer/assets/css/js_composer_tta.mine6df.css]
[yogaandjuliet.com/index5d81.html]
[yogaandjuliet.com/index4bcf.html]
[yogaandjuliet.com/indexcfea.html]
[yogaandjuliet.com/index2438.html]
[yogaandjuliet.com/index8b8d.html]
[yogaandjuliet.com/indexc9aa.html]
[yogaandjuliet.com/index62e7.html]
[yogaandjuliet.com/indexac23.html]
[yogaandjuliet.com/index92ee.html]
[yogaandjuliet.com/index99c6.html]
[yogaandjuliet.com/index6d57.html]
[yogaandjuliet.com/index16a7.html]
[yogaandjuliet.com/indexe425.html]
[yogaandjuliet.com/indexe6a2.html]
[yogaandjuliet.com/index9300.html]
[yogaandjuliet.com/index514f.html]
[yogaandjuliet.com/index330f.html]
[yogaandjuliet.com/indexace1.html]
[yogaandjuliet.com/blog/barfussgefuehl-mit-den-minimalschuhen-von-wildling/feed/index.html]
[yogaandjuliet.com/index4cfa.html]
[yogaandjuliet.com/indexed99.html]
[yogaandjuliet.com/blog/category/random/page/2/index.html]
[yogaandjuliet.com/blog/category/random/feed/index.html]
[yogaandjuliet.com/index4cf5.html]
[yogaandjuliet.com/wp-json/wp/v2/posts/15948.json]
[yogaandjuliet.com/wp-content/uploads/2020/09/yogaandjuliet_steiermark_tourismus_thermen_vulkanland-41-1024x683.jpg]
[yogaandjuliet.com/blog/almmeditation-trifft-almyoga-gruenkraft-tanken-beim-pierer/index.html]
[yogaandjuliet.com/wp-content/uploads/2020/09/yogaandjuliet_steiermark_tourismus_thermen_vulkanland-10-1024x683.jpg]
[yogaandjuliet.com/wp-content/uploads/2020/09/yogaandjuliet_steiermark_tourismus_thermen_vulkanland-9-1024x683.jpg]
[yogaandjuliet.com/wp-content/uploads/2020/09/yogaandjuliet_steiermark_tourismus_thermen_vulkanland-31-1024x683.jpg]
[yogaandjuliet.com/wp-content/uploads/2020/09/yogaandjuliet_steiermark_tourismus_thermen_vulkanland-21-683x1024.jpg]
[yogaandjuliet.com/wp-content/uploads/2020/09/yogaandjuliet_steiermark_tourismus_thermen_vulkanland-40-1024x683.jpg]
[yogaandjuliet.com/wp-content/uploads/2020/09/yogaandjuliet_steiermark_tourismus_thermen_vulkanland-43-1024x683.jpg]
[yogaandjuliet.com/wp-content/uploads/2020/09/yogaandjuliet_steiermark_tourismus_thermen_vulkanland-56-1024x683.jpg]
[yogaandjuliet.com/wp-content/uploads/2020/09/yogaandjuliet_steiermark_tourismus_thermen_vulkanland-49-1024x683.jpg]
[yogaandjuliet.com/wp-content/uploads/2020/09/yogaandjuliet_steiermark_tourismus_thermen_vulkanland-59-683x1024.jpg]
[yogaandjuliet.com/wp-content/uploads/2020/09/yogaandjuliet_steiermark_tourismus_thermen_vulkanland-42-1024x683.jpg]
[yogaandjuliet.com/wp-content/uploads/2020/09/yogaandjuliet_steiermark_tourismus_thermen_vulkanland-2-1024x683.jpg]
[yogaandjuliet.com/wp-content/uploads/2020/09/yogaandjuliet_steiermark_tourismus_thermen_vulkanland-14-1024x683.jpg]
[yogaandjuliet.com/wp-content/uploads/2020/09/yogaandjuliet_steiermark_tourismus_thermen_vulkanland-15-1024x683.jpg]
[yogaandjuliet.com/wp-content/uploads/2020/09/yogaandjuliet_steiermark_tourismus_thermen_vulkanland-12-1024x683.jpg]
[yogaandjuliet.com/wp-content/uploads/2020/09/yogaandjuliet_steiermark_tourismus_thermen_vulkanland-5-1024x683.jpg]
[yogaandjuliet.com/wp-content/uploads/2020/09/yogaandjuliet_steiermark_tourismus_thermen_vulkanland-18-683x1024.jpg]
[yogaandjuliet.com/wp-content/uploads/2020/09/yogaandjuliet_steiermark_tourismus_thermen_vulkanland-19-1024x645.jpg]
[yogaandjuliet.com/wp-content/uploads/2020/09/yogaandjuliet_steiermark_tourismus_thermen_vulkanland-20-683x1024.jpg]
[yogaandjuliet.com/wp-content/uploads/2020/09/yogaandjuliet_steiermark_tourismus_thermen_vulkanland-23-1024x683.jpg]
[yogaandjuliet.com/wp-content/uploads/2020/09/yogaandjuliet_steiermark_tourismus_thermen_vulkanland-27-1024x683.jpg]
[yogaandjuliet.com/wp-content/uploads/2020/09/yogaandjuliet_steiermark_tourismus_thermen_vulkanland-32-1024x683.jpg]
[yogaandjuliet.com/wp-content/uploads/2020/09/yogaandjuliet_steiermark_tourismus_thermen_vulkanland-34-1024x683.jpg]
[yogaandjuliet.com/wp-content/uploads/2020/09/yogaandjuliet_steiermark_tourismus_thermen_vulkanland-52-1024x683.jpg]
[yogaandjuliet.com/wp-content/uploads/2020/09/yogaandjuliet_steiermark_tourismus_thermen_vulkanland-51-1024x683.jpg]
[yogaandjuliet.com/wp-content/uploads/2020/09/yogaandjuliet_steiermark_tourismus_thermen_vulkanland-48-1024x683.jpg]
[yogaandjuliet.com/wp-content/uploads/2020/09/yogaandjuliet_steiermark_tourismus_thermen_vulkanland-46-1024x683.jpg]
[yogaandjuliet.com/wp-content/uploads/2020/09/yogaandjuliet_steiermark_tourismus_thermen_vulkanland-45-1024x683.jpg]
[yogaandjuliet.com/wp-content/uploads/2020/07/JuliaFabio-423-100x100.jpg]
[yogaandjuliet.com/wp-content/uploads/2020/09/IMG_9785-2-100x100.jpg]
[yogaandjuliet.com/blog/regeneration-wellness-im-thermen-vulkanland-steiermark/index.html]
[yogaandjuliet.com/wp-json/wp/v2/posts/15263.json]
[yogaandjuliet.com/wp-content/uploads/2020/07/JuliaFabio-113_websize-683x1024.jpg]
[yogaandjuliet.com/wp-content/uploads/2020/07/JuliaFabio-91_websize-683x1024.jpg]
[yogaandjuliet.com/wp-content/uploads/2020/07/JuliaFabio-98_websize-1024x683.jpg]
[yogaandjuliet.com/wp-content/uploads/2020/07/JuliaFabio-164_websize-1024x683.jpg]
[yogaandjuliet.com/wp-content/uploads/2020/07/JuliaFabio-469_websize-683x1024.jpg]
[yogaandjuliet.com/wp-content/uploads/2020/07/JuliaFabio-834_websize-1024x683.jpg]
[yogaandjuliet.com/wp-content/uploads/2020/07/JuliaFabio-779_websize-683x1024.jpg]
[yogaandjuliet.com/wp-content/uploads/2020/07/JuliaFabio-8_websize-1024x683.jpg]
[yogaandjuliet.com/wp-content/uploads/2020/07/JuliaFabio-9_websize-1024x683.jpg]
[yogaandjuliet.com/wp-content/uploads/2020/07/JuliaFabio-24_websize-1024x683.jpg]
[yogaandjuliet.com/wp-content/uploads/2020/07/JuliaFabio-35_websize-683x1024.jpg]
[yogaandjuliet.com/wp-content/uploads/2020/07/JuliaFabio-489_websize-683x1024.jpg]
[yogaandjuliet.com/wp-content/uploads/2020/07/JuliaFabio-505_websize-683x1024.jpg]
[yogaandjuliet.com/wp-content/uploads/2020/07/JuliaFabio-358_websize-1024x683.jpg]
[yogaandjuliet.com/wp-content/uploads/2020/07/JuliaFabio-607_websize-683x1024.jpg]
[yogaandjuliet.com/wp-content/uploads/2020/07/JuliaFabio-76_websize-683x1024.jpg]
[yogaandjuliet.com/wp-content/uploads/2020/07/JuliaFabio-183_websize-1024x683.jpg]
[yogaandjuliet.com/wp-content/uploads/2020/07/JuliaFabio-198_websize-683x1024.jpg]
[yogaandjuliet.com/wp-content/uploads/2020/07/JuliaFabio-308_websize-683x1024.jpg]
[yogaandjuliet.com/wp-content/uploads/2020/07/JuliaFabio-528_websize-683x1024.jpg]
[yogaandjuliet.com/wp-content/uploads/2020/07/JuliaFabio-525_websize-683x1024.jpg]
[yogaandjuliet.com/wp-content/uploads/2020/07/JuliaFabio-507_websize-683x1024.jpg]
[yogaandjuliet.com/wp-content/uploads/2020/07/JuliaFabio-559_websize-683x1024.jpg]
[yogaandjuliet.com/wp-content/uploads/2020/07/JuliaFabio-415_websize-1024x683.jpg]
[yogaandjuliet.com/wp-content/uploads/2020/07/JuliaFabio-406_websize-683x1024.jpg]
[yogaandjuliet.com/wp-content/uploads/2020/07/JuliaFabio-297_websize-683x1024.jpg]
[yogaandjuliet.com/wp-content/uploads/2020/07/JuliaFabio-365_websize-683x1024.jpg]
[yogaandjuliet.com/wp-content/uploads/2020/07/JuliaFabio-402_websize-1024x683.jpg]
[yogaandjuliet.com/wp-content/uploads/2020/07/JuliaFabio-645_websize-1024x683.jpg]
[yogaandjuliet.com/wp-content/uploads/2020/07/JuliaFabio-140_websize-1024x683.jpg]
[yogaandjuliet.com/wp-content/uploads/2020/07/JuliaFabio-137_websize-683x1024.jpg]
[yogaandjuliet.com/wp-content/uploads/2020/07/JuliaFabio-748_websize-1024x683.jpg]
[yogaandjuliet.com/wp-content/uploads/2020/07/JuliaFabio-815_websize-1024x683.jpg]
[yogaandjuliet.com/wp-content/uploads/2020/04/eberhard-grossgasteiger-cdc35Juktik-unsplash-100x100.jpg]
[yogaandjuliet.com/wp-content/uploads/2020/09/yogaandjuliet_steiermark_tourismus_thermen_vulkanland-38-100x100.jpg]
[yogaandjuliet.com/blog/meine-hochzeit/index.html]
[yogaandjuliet.com/wp-json/wp/v2/categories/266.json]
[yogaandjuliet.com/wp-content/uploads/2017/04/yogaandjuliet_london_58-1200x600.jpg]
[yogaandjuliet.com/wp-content/uploads/2017/04/yogaandjuliet_london_58.jpg]
[yogaandjuliet.com/blog/where-to-eat-in-london/index.html]
[yogaandjuliet.com/blog/category/food/index.html]
[yogaandjuliet.com/wp-content/uploads/2017/04/yogaandjuliet_london_1-1-1200x600.jpg]
[yogaandjuliet.com/wp-content/uploads/2017/04/yogaandjuliet_london_1-1.jpg]
[yogaandjuliet.com/blog/yoga-in-london/index.html]
[yogaandjuliet.com/wp-content/uploads/2017/04/yogaandjuliet_london_88-1200x600.jpg]
[yogaandjuliet.com/wp-content/uploads/2017/04/yogaandjuliet_london_88.jpg]
[yogaandjuliet.com/blog/london-in-spring-some-pictures/index.html]
[yogaandjuliet.com/wp-content/uploads/2016/07/IMG_5624-1200x600.jpg]
[yogaandjuliet.com/wp-content/uploads/2016/07/IMG_5624.jpg]
[yogaandjuliet.com/blog/category/places/europe/index.html]
[yogaandjuliet.com/blog/things-to-do-in-dalamtien/index.html]
[yogaandjuliet.com/wp-json/wp/v2/categories/110.json]
[yogaandjuliet.com/wp-content/uploads/2017/12/yogaandjuliet-diy-green-cosmetics-yoga-wien-banner2.jpg]
[yogaandjuliet.com/blog/yoga-and-juliet-out-and-about-yoga-meets-green-cosmetics-diy/index.html]
[yogaandjuliet.com/wp-content/uploads/2017/08/yogaandjuliet_feelgood-11-1200x600.jpg]
[yogaandjuliet.com/wp-content/uploads/2017/08/yogaandjuliet_feelgood-11.jpg]
[yogaandjuliet.com/blog/yoga-and-juliet-out-and-about-feel-good-festival-wien/index.html]
[yogaandjuliet.com/wp-content/uploads/2017/08/wanderlust_yogaandjuliet-8-1-1200x600.jpg]
[yogaandjuliet.com/wp-content/uploads/2017/08/wanderlust_yogaandjuliet-8-1.jpg]
[yogaandjuliet.com/blog/yoga-and-juliet-out-and-about-wanderlust-wien-108/index.html]
[yogaandjuliet.com/wp-content/uploads/2017/08/yogaandjuliet_innsbruck-1200x600.jpg]
[yogaandjuliet.com/wp-content/uploads/2017/08/yogaandjuliet_innsbruck.jpg]
[yogaandjuliet.com/blog/category/out-and-about/index.html]
[yogaandjuliet.com/blog/eventtipp-yoga-summit-2017-innsbruck-und-giveaway/index.html]
[yogaandjuliet.com/blog/category/out-and-about/page/3/index.html]
[yogaandjuliet.com/wp-json/wp/v2/categories/20.json]
[yogaandjuliet.com/wp-content/uploads/2019/01/yogaandjuliet_selbstliebe_selflove-6-1200x600.jpg]
[yogaandjuliet.com/wp-content/uploads/2019/01/yogaandjuliet_selbstliebe_selflove-6.jpg]
[yogaandjuliet.com/blog/6-monate-auf-bali-eure-fragen-meine-antworten-part-2/index.html]
[yogaandjuliet.com/wp-content/uploads/2019/03/yoga_juliet_julia_hofgartner_bali_reisfelder-1200x600.jpg]
[yogaandjuliet.com/wp-content/uploads/2019/03/yoga_juliet_julia_hofgartner_bali_reisfelder.jpg]
[yogaandjuliet.com/blog/6-monate-bali/index.html]
[yogaandjuliet.com/wp-content/uploads/2019/02/yogaandjuliet_westaustralien_route-2-1200x600.jpg]
[yogaandjuliet.com/wp-content/uploads/2019/02/yogaandjuliet_westaustralien_route-2.jpg]
[yogaandjuliet.com/blog/category/places/index.html]
[yogaandjuliet.com/blog/vanlife-2-wochen-durch-westaustralien-route/index.html]
[yogaandjuliet.com/blog/category/places/page/13/index.html]
[yogaandjuliet.com/wp-json/wp/v2/posts/13680.json]
[yogaandjuliet.com/wp-content/uploads/2019/08/Yoga_Juliet_grünkraft_steiermark_bad_waltersdorf-6-1024x683.jpg]
[yogaandjuliet.com/blog/gruenkraft-steiermark/index.html]
[yogaandjuliet.com/wp-content/uploads/2019/08/Yoga_Juliet_grünkraft_steiermark_bad_waltersdorf-19-1024x683.jpg]
[yogaandjuliet.com/wp-content/uploads/2019/08/Yoga_Juliet_grünkraft_steiermark_bad_waltersdorf-20-1024x683.jpg]
[yogaandjuliet.com/wp-content/uploads/2019/08/Yoga_Juliet_grünkraft_steiermark_bad_waltersdorf-22-1024x683.jpg]
[yogaandjuliet.com/wp-content/uploads/2019/08/Yoga_Juliet_grünkraft_steiermark_bad_waltersdorf-23-1024x683.jpg]
[yogaandjuliet.com/wp-content/uploads/2019/08/Yoga_Juliet_grünkraft_steiermark_bad_waltersdorf-25-1024x683.jpg]
[yogaandjuliet.com/wp-content/uploads/2019/08/Yoga_Juliet_grünkraft_steiermark_bad_waltersdorf-13-1024x683.jpg]
[yogaandjuliet.com/wp-content/uploads/2019/08/Yoga_Juliet_grünkraft_steiermark_bad_waltersdorf-3-1024x683.jpg]
[yogaandjuliet.com/wp-content/uploads/2019/08/Yoga_Juliet_grünkraft_steiermark_bad_waltersdorf-28-1024x683.jpg]
[yogaandjuliet.com/wp-content/uploads/2019/08/Yoga_Juliet_grünkraft_steiermark_bad_waltersdorf-7-1024x683.jpg]
[yogaandjuliet.com/wp-content/uploads/2019/08/Yoga_Juliet_grünkraft_steiermark_bad_waltersdorf-8-683x1024.jpg]
[yogaandjuliet.com/wp-content/uploads/2019/08/Yoga_Juliet_grünkraft_steiermark_bad_waltersdorf-17-1024x683.jpg]
[yogaandjuliet.com/wp-content/uploads/2019/08/Yoga_Juliet_grünkraft_steiermark_bad_waltersdorf-15-1024x683.jpg]
[yogaandjuliet.com/wp-content/uploads/2019/08/Yoga_Juliet_grünkraft_steiermark_bad_waltersdorf-9-1024x683.jpg]
[yogaandjuliet.com/wp-content/uploads/2019/08/Yoga_Juliet_grünkraft_steiermark_bad_waltersdorf-11-1024x683.jpg]
[yogaandjuliet.com/wp-content/uploads/2019/08/Yoga_Juliet_grünkraft_steiermark_bad_waltersdorf-29-1024x683.jpg]
[yogaandjuliet.com/wp-content/uploads/2019/08/Yoga_Juliet_grünkraft_steiermark_bad_waltersdorf-30-1024x683.jpg]
[yogaandjuliet.com/wp-content/uploads/2019/08/Yoga_Juliet_grünkraft_steiermark_bad_waltersdorf-32-683x1024.jpg]
[yogaandjuliet.com/wp-content/uploads/2019/08/Yoga_Juliet_grünkraft_steiermark_bad_waltersdorf-24-1024x683.jpg]
[yogaandjuliet.com/wp-content/uploads/2019/08/Yoga_Juliet_grünkraft_steiermark_bad_waltersdorf-27-1024x683.jpg]
[yogaandjuliet.com/wp-content/uploads/2019/08/Yoga_Juliet_grünkraft_steiermark_bad_waltersdorf-2-1024x683.jpg]
[yogaandjuliet.com/wp-content/uploads/2019/08/Yoga_Juliet_grünkraft_steiermark_bad_waltersdorf-4-1024x683.jpg]
[yogaandjuliet.com/wp-content/uploads/2019/08/Yoga_Juliet_grünkraft_steiermark_bad_waltersdorf-5-1024x683.jpg]
[yogaandjuliet.com/wp-content/uploads/2019/08/Yoga_Juliet_grünkraft_steiermark_bad_waltersdorf-1024x683.jpg]
[yogaandjuliet.com/blog/monthlyrecap-juni-juli-viel-arbeit-vom-wahr-werden-eines-traumes-manifestation/index.html]
[yogaandjuliet.com/wp-content/uploads/2019/07/39DE3787-0BE5-486F-BBBF-071C2BDAD230-5194-0000032847BC8032-2-100x100.jpg]
[yogaandjuliet.com/blog/monthlyrecap-august-vom-traum-eines-eigenen-yogastudios-und-grenzen-setzen/index.html]
[yogaandjuliet.com/wp-content/uploads/2019/08/Yoga_Juliet_grünkraft_steiermark_bad_waltersdorf-19-100x100.jpg]
[yogaandjuliet.com/blog/gruenkraft-tanken-in-bad-waltersdorf/index.html]
[yogaandjuliet.com/wp-content/uploads/2016/04/13047761_10205478603795526_763118413331300080_o.jpg]
[yogaandjuliet.com/wp-content/uploads/2016/04/DSC05130-1200x600.jpg]
[yogaandjuliet.com/wp-content/uploads/2016/04/DSC05130.jpg]
[yogaandjuliet.com/blog/category/random/page/11/index.html]
[yogaandjuliet.com/blog/auszeit-im-falkensteiner-schlosshotel-velden/feed/index.html]
[yogaandjuliet.com/indexc1a1.html]
[yogaandjuliet.com/indexe8f1.html]
[yogaandjuliet.com/blog/random-bamboo-tattoo-love/index.html]
[yogaandjuliet.com/blog/ich-bin-dann-mal-zertifizierter-padi-open-water-taucher/index.html]
[yogaandjuliet.com/blog/sports-wie-ich-den-halbmarathon-unter-zwei-stunden-geschafft-habe/index.html]
[yogaandjuliet.com/wp-json/wp/v2/posts/16101.json]
[yogaandjuliet.com/wp-content/uploads/2021/02/IMG_6879-1024x683.jpg]
[yogaandjuliet.com/wp-content/uploads/2021/02/IMG_6897-1024x683.jpg]
[yogaandjuliet.com/wp-content/uploads/2020/11/IMG_7707-100x100.jpg]
[yogaandjuliet.com/blog/beruf-yogalehrer-q-a-eure-fragen-meine-antworten/index.html]
[yogaandjuliet.com/blog/category/travel/page/2/index.html]
[yogaandjuliet.com/blog/category/travel/feed/index.html]
[yogaandjuliet.com/indexcf35.html]
[yogaandjuliet.com/wp-json/wp/v2/categories/17.json]
[yogaandjuliet.com/wp-content/uploads/2020/03/e8084dc7-c1fc-4cce-916c-0139b93e00cd-1184x600.jpg]
[yogaandjuliet.com/wp-content/uploads/2020/03/e8084dc7-c1fc-4cce-916c-0139b93e00cd.jpg]
[yogaandjuliet.com/blog/corona-quarantaene-oder-wie-ich-endlich-wieder-zeit-fand-einen-blogbeitrag-zu-schreiben/index.html]
[yogaandjuliet.com/wp-content/uploads/2019/12/DSC08712-1200x600.jpg]
[yogaandjuliet.com/wp-content/uploads/2019/12/DSC08712-scaled.jpg]
[yogaandjuliet.com/blog/category/mind/index.html]
[yogaandjuliet.com/blog/intentionen-werte-mein-wort-fuer-2020/index.html]
[yogaandjuliet.com/blog/category/mind/page/22/index.html]
[yogaandjuliet.com/wp-json/wp/v2/posts/12973.json]
[yogaandjuliet.com/wp-content/uploads/2019/04/Tipps_gegen_Flugangst_2.jpg]
[yogaandjuliet.com/wp-content/uploads/2018/05/Yogaandjuliet_Yogaübungen_Flugzeug_1-2-1024x683.jpg]
[yogaandjuliet.com/blog/raus-aus-der-komfortzone-uebers-ueber-sich-hinauswachsen/index.html]
[yogaandjuliet.com/wp-content/uploads/2019/01/yogaandjuliet_selbstliebe_selflove-6-100x100.jpg]
[yogaandjuliet.com/blog/monthlyrecap-maerz-april-ankommen-arbeiten-authentisch-sein/index.html]
[yogaandjuliet.com/wp-content/uploads/2019/05/yoga_juliet_julia_hofgartner-100x100.jpg]
[yogaandjuliet.com/blog/meine-tipps-gegen-flugangst-meditation-atmung-statt-tabletten/index.html]
[yogaandjuliet.com/wp-json/wp/v2/categories/267.json]
[yogaandjuliet.com/wp-content/uploads/2018/11/yogaandjuliet_yoga_auf_bali-2-1200x600.jpg]
[yogaandjuliet.com/wp-content/uploads/2018/11/yogaandjuliet_yoga_auf_bali-2.jpg]
[yogaandjuliet.com/blog/4-gruende-warum-yoga-auf-bali-so-magisch-ist/index.html]
[yogaandjuliet.com/wp-content/uploads/2018/11/yogaandjuliet_2_Monate_Auf_Bali-1200x600.jpg]
[yogaandjuliet.com/wp-content/uploads/2018/11/yogaandjuliet_2_Monate_Auf_Bali.jpg]
[yogaandjuliet.com/blog/category/places/asia/index.html]
[yogaandjuliet.com/blog/life-update-2-monate-auf-bali/index.html]
[yogaandjuliet.com/blog/category/places/asia/page/10/index.html]
[yogaandjuliet.com/wp-json/wp/v2/posts/12404.json]
[yogaandjuliet.com/wp-content/uploads/2019/01/yogaandjuliet_raja_ampat_indonesia_liveaboard_diving-12-1024x683.jpg]
[yogaandjuliet.com/blog/tauchen-der-unterwasserwunderwelt-2-tage-liveaboard-im-komodo-national-park/index.html]
[yogaandjuliet.com/wp-content/uploads/2019/01/yogaandjuliet_raja_ampat_indonesia_liveaboard_diving-21-1024x683.jpg]
[yogaandjuliet.com/wp-content/uploads/2019/01/yogaandjuliet_raja_ampat_indonesia_liveaboard_diving-22-1024x683.jpg]
[yogaandjuliet.com/wp-content/uploads/2019/01/yogaandjuliet_raja_ampat_indonesia_liveaboard_diving-19-1024x683.jpg]
[yogaandjuliet.com/wp-content/uploads/2019/01/yogaandjuliet_raja_ampat_indonesia_liveaboard_diving-17-1024x683.jpg]
[yogaandjuliet.com/wp-content/uploads/2019/01/yogaandjuliet_raja_ampat_indonesia_liveaboard_diving-16-1024x683.jpg]
[yogaandjuliet.com/wp-content/uploads/2019/01/yogaandjuliet_raja_ampat_indonesia_liveaboard_diving-15-1024x683.jpg]
[yogaandjuliet.com/blog/an-ocean-childs-plea/index.html]
[yogaandjuliet.com/wp-content/uploads/2019/01/yogaandjuliet_raja_ampat_indonesia_liveaboard_diving-1024x564.jpg]
[yogaandjuliet.com/wp-content/uploads/2019/01/yogaandjuliet_raja_ampat_indonesia_liveaboard_diving-7-1024x576.jpg]
[yogaandjuliet.com/wp-content/uploads/2019/01/yogaandjuliet_raja_ampat_indonesia_liveaboard_diving-6-1024x656.jpg]
[yogaandjuliet.com/wp-content/uploads/2019/01/yogaandjuliet_raja_ampat_indonesia_liveaboard_diving-5-1024x578.jpg]
[yogaandjuliet.com/wp-content/uploads/2019/01/yogaandjuliet_raja_ampat_indonesia_liveaboard_diving-4-1024x877.jpg]
[yogaandjuliet.com/wp-content/uploads/2019/01/yogaandjuliet_raja_ampat_indonesia_liveaboard_diving-3-1024x701.jpg]
[yogaandjuliet.com/wp-content/uploads/2019/01/yogaandjuliet_raja_ampat_indonesia_liveaboard_diving-8-1024x563.jpg]
[yogaandjuliet.com/wp-content/uploads/2019/01/yogaandjuliet_raja_ampat_indonesia_liveaboard_diving-9-1024x561.jpg]
[yogaandjuliet.com/wp-content/uploads/2019/01/yogaandjuliet_raja_ampat_indonesia_liveaboard_diving-14-1024x683.jpg]
[yogaandjuliet.com/wp-content/uploads/2019/01/yogaandjuliet_raja_ampat_indonesia_liveaboard_diving-13-1024x683.jpg]
